// Jest Snapshot v1, https://goo.gl/fbAQLP

exports[`should get pilotroutes from api 1`] = `
{
  "features": [
    {
      "geometry": {
        "coordinates": [
          [
            26.91951,
            60.41764,
          ],
          [
            26.92814,
            60.4205,
          ],
          [
            26.92946,
            60.4209,
          ],
          [
            26.93086,
            60.42123,
          ],
          [
            26.93231,
            60.4215,
          ],
          [
            26.9338,
            60.42171,
          ],
          [
            26.93532,
            60.42184,
          ],
          [
            26.93687,
            60.42191,
          ],
          [
            26.93842,
            60.4219,
          ],
          [
            26.93996,
            60.42183,
          ],
          [
            26.94148,
            60.42168,
          ],
          [
            26.94297,
            60.42147,
          ],
          [
            26.94441,
            60.42119,
          ],
          [
            26.94579,
            60.42085,
          ],
          [
            26.94711,
            60.42044,
          ],
          [
            26.94834,
            60.41998,
          ],
          [
            26.94948,
            60.41947,
          ],
          [
            26.95053,
            60.4189,
          ],
          [
            26.97293,
            60.40555,
          ],
          [
            26.97386,
            60.40495,
          ],
          [
            26.97466,
            60.40431,
          ],
          [
            26.97535,
            60.40363,
          ],
          [
            26.97591,
            60.40293,
          ],
          [
            26.97634,
            60.4022,
          ],
          [
            26.98142,
            60.39185,
          ],
          [
            26.98175,
            60.39126,
          ],
          [
            26.98218,
            60.39068,
          ],
          [
            26.98268,
            60.39012,
          ],
          [
            27.00861,
            60.36413,
          ],
          [
            27.00926,
            60.36354,
          ],
          [
            27.01,
            60.36298,
          ],
          [
            27.01084,
            60.36245,
          ],
          [
            27.01175,
            60.36196,
          ],
          [
            27.01275,
            60.3615,
          ],
          [
            27.01381,
            60.36108,
          ],
          [
            27.01494,
            60.36071,
          ],
          [
            27.06203,
            60.34647,
          ],
          [
            27.06332,
            60.34612,
          ],
          [
            27.06466,
            60.34582,
          ],
          [
            27.06606,
            60.34559,
          ],
          [
            27.06749,
            60.34541,
          ],
          [
            27.10042,
            60.34213,
          ],
          [
            27.10177,
            60.34202,
          ],
          [
            27.10315,
            60.34197,
          ],
          [
            27.10452,
            60.34197,
          ],
          [
            27.13111,
            60.34258,
          ],
          [
            27.13266,
            60.34265,
          ],
          [
            27.1342,
            60.34279,
          ],
          [
            27.1357,
            60.343,
          ],
          [
            27.13715,
            60.34328,
          ],
          [
            27.13855,
            60.34363,
          ],
          [
            27.13988,
            60.34403,
          ],
          [
            27.14112,
            60.3445,
          ],
          [
            27.14227,
            60.34502,
          ],
          [
            27.14332,
            60.3456,
          ],
          [
            27.14426,
            60.34621,
          ],
          [
            27.14508,
            60.34687,
          ],
          [
            27.14577,
            60.34756,
          ],
          [
            27.14632,
            60.34829,
          ],
          [
            27.14674,
            60.34903,
          ],
          [
            27.14702,
            60.34979,
          ],
          [
            27.14716,
            60.35056,
          ],
          [
            27.15205,
            60.41076,
          ],
          [
            27.15204,
            60.41152,
          ],
          [
            27.15189,
            60.41228,
          ],
          [
            27.1516,
            60.41303,
          ],
          [
            27.15117,
            60.41376,
          ],
          [
            27.13807,
            60.43289,
          ],
          [
            27.13764,
            60.43361,
          ],
          [
            27.13735,
            60.43434,
          ],
          [
            27.1372,
            60.43509,
          ],
          [
            27.13718,
            60.43584,
          ],
          [
            27.1373,
            60.43659,
          ],
          [
            27.13756,
            60.43733,
          ],
          [
            27.14583,
            60.45605,
          ],
          [
            27.14609,
            60.4568,
          ],
          [
            27.14621,
            60.45756,
          ],
          [
            27.14619,
            60.45832,
          ],
          [
            27.14603,
            60.45908,
          ],
          [
            27.14573,
            60.45982,
          ],
          [
            27.14529,
            60.46055,
          ],
          [
            27.13295,
            60.47812,
          ],
          [
            27.13255,
            60.47878,
          ],
          [
            27.13226,
            60.47945,
          ],
          [
            27.13209,
            60.48012,
          ],
          [
            27.13202,
            60.48081,
          ],
          [
            27.13207,
            60.48149,
          ],
          [
            27.13224,
            60.48217,
          ],
          [
            27.13252,
            60.48284,
          ],
          [
            27.1329,
            60.4835,
          ],
          [
            27.14647,
            60.50337,
          ],
          [
            27.14695,
            60.50399,
          ],
          [
            27.14752,
            60.50458,
          ],
          [
            27.1482,
            60.50516,
          ],
          [
            27.14896,
            60.5057,
          ],
          [
            27.14981,
            60.50622,
          ],
          [
            27.15073,
            60.5067,
          ],
          [
            27.17252,
            60.51708,
          ],
        ],
        "type": "LineString",
      },
      "id": 11,
      "properties": {
        "featureType": "pilotroute",
        "id": 11,
        "identifier": "urn:mrn:stm:voyage:id:transas:15f9c10e-957f-4b49-9ec7-23bd426e15bd",
        "name": "FIKMU-FIHMN (via Merikari)",
        "rtz": "<?xml version="1.0" encoding="UTF-8"?>
<route version="1.0" xmlns="http://www.cirm.org/RTZ/1/0">
    <routeInfo routeName="FIKMU-FIHMN (via Merikari)" vesselVoyage="urn:mrn:stm:voyage:id:transas:15f9c10e-957f-4b49-9ec7-23bd426e15bd"/>
    <waypoints>
        <defaultWaypoint radius="0.50">
            <leg portsideXTD="0.03" starboardXTD="0.03" safetyContour="8.00" safetyDepth="30.00" geometryType="Loxodrome"/>
        </defaultWaypoint>
        <waypoint id="14" name="FIKMU">
            <position lat="60.41764100" lon="26.91951300"/>
        </waypoint>
        <waypoint id="13" name="Havouri">
            <position lat="60.42469400" lon="26.94080000"/>
        </waypoint>
        <waypoint id="12" name="Lelleri">
            <position lat="60.40407500" lon="26.97541800"/>
        </waypoint>
        <waypoint id="11" name="Hietakari">
            <position lat="60.39095200" lon="26.98185600"/>
        </waypoint>
        <waypoint id="10" name="Retonpaasi">
            <position lat="60.36196900" lon="27.01077200"/>
        </waypoint>
        <waypoint id="9" name="Pauhakarit">
            <position lat="60.34570200" lon="27.06456900"/>
        </waypoint>
        <waypoint id="8" name="Merikari">
            <position lat="60.34192500" lon="27.10244900"/>
        </waypoint>
        <waypoint id="7" name="Ahvenkari">
            <position lat="60.34292600" lon="27.14653800"/>
        </waypoint>
        <waypoint id="6" name="NimetÃ¶n">
            <position lat="60.41230400" lon="27.15217500"/>
        </waypoint>
        <waypoint id="5" name="Einonkari">
            <position lat="60.43507400" lon="27.13656600"/>
        </waypoint>
        <waypoint id="4" name="Suur Musta">
            <position lat="60.45834200" lon="27.14683900"/>
        </waypoint>
        <waypoint id="3" name="Sovinnonmatala">
            <position lat="60.48080800" lon="27.13106700"/>
        </waypoint>
        <waypoint id="2" name="Hajaskari">
            <position lat="60.50528900" lon="27.14778000"/>
        </waypoint>
        <waypoint id="1" name="FIHMN">
            <position lat="60.51707700" lon="27.17252400"/>
            <leg safetyContour="30.00"/>
        </waypoint>
    </waypoints>
    <schedules>
        <schedule id="0" name="Base Calculation"/>
        <schedule id="1" name=""/>
    </schedules>
</route>
",
        "status": 1,
      },
      "type": "Feature",
    },
    {
      "geometry": {
        "coordinates": [
          [
            26.9,
            60.4,
          ],
          [
            26.91,
            60.41,
          ],
        ],
        "type": "LineString",
      },
      "id": 22,
      "properties": {
        "featureType": "pilotroute",
        "id": 22,
        "identifier": "urn:mrn:stm:voyage:id:transas:15f9c10e-957f-4b49-9ec7-23bd426e15bd",
        "name": "FIKMU-FIHMN (via Merikari)_2",
        "rtz": "<?xml version="1.0" encoding="UTF-8"?>
<route version="1.0" xmlns="http://www.cirm.org/RTZ/1/0">
    <routeInfo routeName="FIKMU-FIHMN (via Merikari)" vesselVoyage="urn:mrn:stm:voyage:id:transas:15f9c10e-957f-4b49-9ec7-23bd426e15bd"/>
    <waypoints>
        <defaultWaypoint radius="0.50">
            <leg portsideXTD="0.03" starboardXTD="0.03" safetyContour="8.00" safetyDepth="30.00" geometryType="Loxodrome"/>
        </defaultWaypoint>
        <waypoint id="14" name="FIKMU">
            <position lat="60.41764100" lon="26.91951300"/>
        </waypoint>
        <waypoint id="13" name="Havouri">
            <position lat="60.42469400" lon="26.94080000"/>
        </waypoint>
        <waypoint id="12" name="Lelleri">
            <position lat="60.40407500" lon="26.97541800"/>
        </waypoint>
        <waypoint id="11" name="Hietakari">
            <position lat="60.39095200" lon="26.98185600"/>
        </waypoint>
        <waypoint id="10" name="Retonpaasi">
            <position lat="60.36196900" lon="27.01077200"/>
        </waypoint>
        <waypoint id="9" name="Pauhakarit">
            <position lat="60.34570200" lon="27.06456900"/>
        </waypoint>
        <waypoint id="8" name="Merikari">
            <position lat="60.34192500" lon="27.10244900"/>
        </waypoint>
        <waypoint id="7" name="Ahvenkari">
            <position lat="60.34292600" lon="27.14653800"/>
        </waypoint>
        <waypoint id="6" name="NimetÃ¶n">
            <position lat="60.41230400" lon="27.15217500"/>
        </waypoint>
        <waypoint id="5" name="Einonkari">
            <position lat="60.43507400" lon="27.13656600"/>
        </waypoint>
        <waypoint id="4" name="Suur Musta">
            <position lat="60.45834200" lon="27.14683900"/>
        </waypoint>
        <waypoint id="3" name="Sovinnonmatala">
            <position lat="60.48080800" lon="27.13106700"/>
        </waypoint>
        <waypoint id="2" name="Hajaskari">
            <position lat="60.50528900" lon="27.14778000"/>
        </waypoint>
        <waypoint id="1" name="FIHMN">
            <position lat="60.51707700" lon="27.17252400"/>
            <leg safetyContour="30.00"/>
        </waypoint>
    </waypoints>
    <schedules>
        <schedule id="0" name="Base Calculation"/>
        <schedule id="1" name=""/>
    </schedules>
</route>
",
        "status": 1,
      },
      "type": "Feature",
    },
    {
      "geometry": {
        "coordinates": [
          [
            26.93,
            60.43,
          ],
          [
            26.93,
            60.43,
          ],
        ],
        "type": "LineString",
      },
      "id": 33,
      "properties": {
        "featureType": "pilotroute",
        "id": 33,
        "identifier": "urn:mrn:stm:voyage:id:transas:15f9c10e-957f-4b49-9ec7-23bd426e15bd",
        "name": "FIKMU-FIHMN (via Merikari)_3",
        "rtz": "<?xml version="1.0" encoding="UTF-8"?>
<route version="1.0" xmlns="http://www.cirm.org/RTZ/1/0">
    <routeInfo routeName="FIKMU-FIHMN (via Merikari)" vesselVoyage="urn:mrn:stm:voyage:id:transas:15f9c10e-957f-4b49-9ec7-23bd426e15bd"/>
    <waypoints>
        <defaultWaypoint radius="0.50">
            <leg portsideXTD="0.03" starboardXTD="0.03" safetyContour="8.00" safetyDepth="30.00" geometryType="Loxodrome"/>
        </defaultWaypoint>
        <waypoint id="14" name="FIKMU">
            <position lat="60.41764100" lon="26.91951300"/>
        </waypoint>
        <waypoint id="13" name="Havouri">
            <position lat="60.42469400" lon="26.94080000"/>
        </waypoint>
        <waypoint id="12" name="Lelleri">
            <position lat="60.40407500" lon="26.97541800"/>
        </waypoint>
        <waypoint id="11" name="Hietakari">
            <position lat="60.39095200" lon="26.98185600"/>
        </waypoint>
        <waypoint id="10" name="Retonpaasi">
            <position lat="60.36196900" lon="27.01077200"/>
        </waypoint>
        <waypoint id="9" name="Pauhakarit">
            <position lat="60.34570200" lon="27.06456900"/>
        </waypoint>
        <waypoint id="8" name="Merikari">
            <position lat="60.34192500" lon="27.10244900"/>
        </waypoint>
        <waypoint id="7" name="Ahvenkari">
            <position lat="60.34292600" lon="27.14653800"/>
        </waypoint>
        <waypoint id="6" name="NimetÃ¶n">
            <position lat="60.41230400" lon="27.15217500"/>
        </waypoint>
        <waypoint id="5" name="Einonkari">
            <position lat="60.43507400" lon="27.13656600"/>
        </waypoint>
        <waypoint id="4" name="Suur Musta">
            <position lat="60.45834200" lon="27.14683900"/>
        </waypoint>
        <waypoint id="3" name="Sovinnonmatala">
            <position lat="60.48080800" lon="27.13106700"/>
        </waypoint>
        <waypoint id="2" name="Hajaskari">
            <position lat="60.50528900" lon="27.14778000"/>
        </waypoint>
        <waypoint id="1" name="FIHMN">
            <position lat="60.51707700" lon="27.17252400"/>
            <leg safetyContour="30.00"/>
        </waypoint>
    </waypoints>
    <schedules>
        <schedule id="0" name="Base Calculation"/>
        <schedule id="1" name=""/>
    </schedules>
</route>
",
        "status": 1,
      },
      "type": "Feature",
    },
  ],
  "type": "FeatureCollection",
}
`;
